nios2-terminal: connected to hardware target using JTAG UART on cable
nios2-terminal: "USB-Blaster [1-2.1]", device 1, instance 0
nios2-terminal: (Use the IDE stop button or Ctrl-C to terminate)

Stuck atvar 0
Task2: while(1) {...} 
Stuck atvar 1
Task2: while(1) {...} 
Stuck atvar 2
Task2: while(1) {...} 
Stuck atvar 3
Task2: while(1) {...} 
Stuck atvar 4
Task2: while(1) {...} 
Stuck atvar -2147483643
Task2: while(1) {...} 
Stuck atvar -2147483642
Task2: while(1) {...} 
Stuck atvar -2147483641
Task2: while(1) {...} 
Stuck atvar -2147483640
Task2: while(1) {...} 
Stuck atvar -2147483639
Task2: while(1) {...} 


nios2-terminal: exiting due to ^C on host
